---
source: src/test.rs
expression: evaluate_example(path)
input_file: tests/list.nu
---
==== COMPILER ====
0: Int (1 to 2)
1: Int (4 to 5)
2: Int (7 to 8)
3: List([NodeId(0), NodeId(1), NodeId(2)]) (0 to 8)
4: Int (11 to 12)
5: Int (13 to 14)
6: Int (15 to 16)
7: List([NodeId(4), NodeId(5), NodeId(6)]) (10 to 16)
8: String (19 to 22)
9: String (23 to 26)
10: String (27 to 30)
11: List([NodeId(8), NodeId(9), NodeId(10)]) (18 to 30)
12: Int (33 to 34)
13: Int (35 to 36)
14: Float (37 to 40)
15: List([NodeId(12), NodeId(13), NodeId(14)]) (32 to 40)
16: Int (43 to 44)
17: Int (45 to 46)
18: String (47 to 50)
19: List([NodeId(16), NodeId(17), NodeId(18)]) (42 to 50)
20: Block(BlockId(0)) (0 to 52)
==== SCOPE ====
0: Frame Scope, variables: [  ], node_id: NodeId(20)
==== TYPES ====
0: int
1: int
2: int
3: list<int>
4: int
5: int
6: int
7: list<int>
8: string
9: string
10: string
11: list<string>
12: int
13: int
14: float
15: list<number>
16: int
17: int
18: string
19: list<any>
20: ()
