---
source: src/test.rs
expression: evaluate_example(path)
input_file: tests/record2.nu
---
==== COMPILER ====
0: String (1 to 4)
1: Int (6 to 7)
2: String (9 to 12)
3: Int (14 to 15)
4: Record { pairs: [(NodeId(0), NodeId(1)), (NodeId(2), NodeId(3))] } (0 to 16)
5: Block(BlockId(0)) (0 to 17)
==== SCOPE ====
0: Frame Scope, variables: [  ], node_id: NodeId(5)

