---
source: src/test.rs
expression: evaluate_example(path)
input_file: tests/closure.nu
---
0: Garbage (2 to 3)
1: Name (3 to 4)
2: Garbage (4 to 5)
3: Name (6 to 7)
4: Garbage (7 to 8)
5: Variable (9 to 11)
6: Plus (12 to 13)
7: Variable (14 to 16)
8: BinaryOp { lhs: NodeId(5), op: NodeId(6), rhs: NodeId(7) } (9 to 16)
9: Block(BlockId(0)) (0 to 17)
10: Block(BlockId(1)) (0 to 18)

