---
source: src/test.rs
expression: evaluate_example(path)
input_file: tests/for_break_continue.nu
---
==== COMPILER ====
0: Variable (4 to 5)
1: Int (8 to 9)
2: Let { variable_name: NodeId(0), ty: None, initializer: NodeId(1), is_mutable: true } (0 to 9)
3: Variable (14 to 15)
4: Int (20 to 21)
5: Int (22 to 23)
6: Int (24 to 25)
7: List([NodeId(4), NodeId(5), NodeId(6)]) (19 to 25)
8: Variable (36 to 38)
9: GreaterThan (39 to 40)
10: Int (41 to 42)
11: BinaryOp { lhs: NodeId(8), op: NodeId(9), rhs: NodeId(10) } (36 to 42)
12: Break (53 to 58)
13: Block(BlockId(0)) (43 to 64)
14: If { condition: NodeId(11), then_block: NodeId(13), else_block: None } (33 to 64)
15: Variable (73 to 75)
16: LessThan (76 to 77)
17: Int (78 to 79)
18: BinaryOp { lhs: NodeId(15), op: NodeId(16), rhs: NodeId(17) } (73 to 79)
19: Continue (90 to 98)
20: Block(BlockId(1)) (80 to 104)
21: If { condition: NodeId(18), then_block: NodeId(20), else_block: None } (70 to 104)
22: Variable (110 to 112)
23: Assignment (113 to 114)
24: Variable (115 to 117)
25: Plus (118 to 119)
26: Variable (120 to 122)
27: BinaryOp { lhs: NodeId(24), op: NodeId(25), rhs: NodeId(26) } (115 to 122)
28: BinaryOp { lhs: NodeId(22), op: NodeId(23), rhs: NodeId(27) } (110 to 122)
29: Block(BlockId(2)) (27 to 124)
30: For { variable: NodeId(3), range: NodeId(7), block: NodeId(29) } (10 to 124)
31: Block(BlockId(3)) (0 to 124)
==== SCOPE ====
0: Frame Scope, variables: [ x: NodeId(0) ], node_id: NodeId(31)
1: Frame Scope, variables: [ i: NodeId(3) ], node_id: NodeId(29)
2: Frame Scope, variables: [  ], node_id: NodeId(13)
3: Frame Scope, variables: [  ], node_id: NodeId(20)

