---
source: src/test.rs
expression: evaluate_example(path)
input_file: tests/table.nu
---
==== COMPILER ====
0: String (7 to 10)
1: String (12 to 15)
2: List([NodeId(0), NodeId(1)]) (6 to 15)
3: Int (24 to 25)
4: Int (27 to 28)
5: List([NodeId(3), NodeId(4)]) (23 to 28)
6: Int (35 to 36)
7: Int (38 to 39)
8: List([NodeId(6), NodeId(7)]) (34 to 39)
9: Table { header: NodeId(2), rows: [NodeId(5), NodeId(8)] } (0 to 41)
10: Block(BlockId(0)) (0 to 42)
==== SCOPE ====
0: Frame Scope, variables: [  ], node_id: NodeId(10)

