---
source: src/test.rs
expression: evaluate_example(path)
input_file: tests/closure2.nu
---
0: Variable (4 to 5)
1: Int (8 to 10)
2: Let { variable_name: NodeId(0), ty: None, initializer: NodeId(1), is_mutable: false } (0 to 10)
3: Variable (15 to 16)
4: Int (19 to 21)
5: Let { variable_name: NodeId(3), ty: None, initializer: NodeId(4), is_mutable: false } (11 to 21)
6: Variable (27 to 29)
7: Plus (30 to 31)
8: Variable (32 to 34)
9: BinaryOp { lhs: NodeId(6), op: NodeId(7), rhs: NodeId(8) } (27 to 34)
10: Block(BlockId(0)) (27 to 35)
11: Closure { params: None, block: NodeId(10) } (23 to 36)
12: Block(BlockId(1)) (0 to 37)

