---
source: src/test.rs
expression: evaluate_example(path)
input_file: tests/table2.nu
---
==== COMPILER ====
0: Name (7 to 8)
1: Name (10 to 11)
2: List([NodeId(0), NodeId(1)]) (6 to 11)
3: Int (20 to 21)
4: Int (23 to 24)
5: List([NodeId(3), NodeId(4)]) (19 to 24)
6: Int (31 to 32)
7: Int (34 to 35)
8: List([NodeId(6), NodeId(7)]) (30 to 35)
9: Table { header: NodeId(2), rows: [NodeId(5), NodeId(8)] } (0 to 37)
10: Block(BlockId(0)) (0 to 38)
==== SCOPE ====
0: Frame Scope, variables: [  ], node_id: NodeId(10)

