---
source: src/test.rs
expression: evaluate_example(path)
input_file: tests/let_mismatch.nu
---
==== COMPILER ====
0: Variable (4 to 5)
1: Name (7 to 13)
2: Type { name: NodeId(1), params: None, optional: false } (7 to 13)
3: Int (16 to 19)
4: Let { variable_name: NodeId(0), ty: Some(NodeId(2)), initializer: NodeId(3), is_mutable: false } (0 to 19)
5: Variable (21 to 23)
6: Block(BlockId(0)) (0 to 24)
==== SCOPE ====
0: Frame Scope, variables: [ x: NodeId(0) ], node_id: NodeId(6)
==== TYPES ====
0: string
1: unknown
2: string
3: int
4: ()
5: string
6: ()
==== TYPE ERRORS ====
Error (NodeId 3): initializer does not match declared type

