---
source: src/test.rs
expression: evaluate_example(path)
input_file: tests/let_.nu
---
==== COMPILER ====
0: Variable (4 to 5)
1: Name (7 to 10)
2: Type { name: NodeId(1), params: None, optional: false } (7 to 10)
3: Int (13 to 16)
4: Let { variable_name: NodeId(0), ty: Some(NodeId(2)), initializer: NodeId(3), is_mutable: false } (0 to 16)
5: Variable (18 to 20)
6: Block(BlockId(0)) (0 to 20)
==== SCOPE ====
0: Frame Scope, variables: [ x: NodeId(0) ], node_id: NodeId(6)
==== TYPES ====
0: int
1: unknown
2: int
3: int
4: ()
5: int
6: ()

